
> madridfemeninoxtra@0.0.1 build
> astro build

[2m17:54:12[22m [34m[content][39m Syncing content
[2m17:54:12[22m [34m[content][39m Synced content
[2m17:54:12[22m [34m[types][39m Generated [2m113ms[22m
[2m17:54:12[22m [34m[build][39m output: [34m"server"[39m
[2m17:54:12[22m [34m[build][39m mode: [34m"server"[39m
[2m17:54:12[22m [34m[build][39m directory: [34mC:\Users\PC\madridfemeninoxtra\dist\[39m
[2m17:54:12[22m [34m[build][39m adapter: [32m@astrojs/vercel[39m
[2m17:54:12[22m [34m[build][39m Collecting build info...
[2m17:54:12[22m [34m[build][39m [32mÔ£ô Completed in 415ms.[39m
[2m17:54:13[22m [34m[build][39m Building server entrypoints...
[33m[1m17:54:18[22m [WARN] [vite][39m 
./files/archivo-black-latin-ext-400-normal.woff2 referenced in ./files/archivo-black-latin-ext-400-normal.woff2 didn't resolve at build time, it will remain unchanged to be resolved at runtime
[33m[1m17:54:18[22m [WARN] [vite][39m 
./files/archivo-black-latin-400-normal.woff2 referenced in ./files/archivo-black-latin-400-normal.woff2 didn't resolve at build time, it will remain unchanged to be resolved at runtime
[33m[1m17:54:18[22m [WARN] [vite][39m 
./files/poppins-devanagari-400-normal.woff2 referenced in ./files/poppins-devanagari-400-normal.woff2 didn't resolve at build time, it will remain unchanged to be resolved at runtime
[33m[1m17:54:18[22m [WARN] [vite][39m 
./files/poppins-latin-ext-400-normal.woff2 referenced in ./files/poppins-latin-ext-400-normal.woff2 didn't resolve at build time, it will remain unchanged to be resolved at runtime
[33m[1m17:54:18[22m [WARN] [vite][39m 
./files/poppins-latin-400-normal.woff2 referenced in ./files/poppins-latin-400-normal.woff2 didn't resolve at build time, it will remain unchanged to be resolved at runtime
[33m[1m17:54:18[22m [WARN] [vite][39m 
./files/permanent-marker-latin-400-normal.woff2 referenced in ./files/permanent-marker-latin-400-normal.woff2 didn't resolve at build time, it will remain unchanged to be resolved at runtime
[33m[1m17:54:18[22m [WARN] [vite][39m 
./files/archivo-black-latin-ext-400-normal.woff referenced in ./files/archivo-black-latin-ext-400-normal.woff didn't resolve at build time, it will remain unchanged to be resolved at runtime
[33m[1m17:54:18[22m [WARN] [vite][39m 
./files/archivo-black-latin-400-normal.woff referenced in ./files/archivo-black-latin-400-normal.woff didn't resolve at build time, it will remain unchanged to be resolved at runtime
[33m[1m17:54:18[22m [WARN] [vite][39m 
./files/poppins-devanagari-400-normal.woff referenced in ./files/poppins-devanagari-400-normal.woff didn't resolve at build time, it will remain unchanged to be resolved at runtime
[33m[1m17:54:18[22m [WARN] [vite][39m 
./files/poppins-latin-ext-400-normal.woff referenced in ./files/poppins-latin-ext-400-normal.woff didn't resolve at build time, it will remain unchanged to be resolved at runtime
[33m[1m17:54:18[22m [WARN] [vite][39m 
./files/poppins-latin-400-normal.woff referenced in ./files/poppins-latin-400-normal.woff didn't resolve at build time, it will remain unchanged to be resolved at runtime
[33m[1m17:54:18[22m [WARN] [vite][39m 
./files/permanent-marker-latin-400-normal.woff referenced in ./files/permanent-marker-latin-400-normal.woff didn't resolve at build time, it will remain unchanged to be resolved at runtime
[2m17:54:22[22m [34m[vite][39m [32mÔ£ô built in 9.09s[39m
[2m17:54:22[22m [34m[build][39m [32mÔ£ô Completed in 9.20s.[39m

[42m[30m building client (vite) [39m[49m
[2m17:54:22[22m [34m[vite][39m transforming...
[2m17:54:23[22m [34m[vite][39m [32mÔ£ô[39m 85 modules transformed.
[2m17:54:24[22m [34m[vite][39m rendering chunks...
[2m17:54:24[22m [34m[vite][39m computing gzip size...
[2m17:54:24[22m [34m[vite][39m [2mdist/client/[22m[36m_astro/index.astro_astro_type_script_index_0_lang.Ds9P6cqp.js         [39m[1m[2m  0.05 kB[22m[1m[22m[2m Ôöé gzip:  0.07 kB[22m
[2m17:54:24[22m [34m[vite][39m [2mdist/client/[22m[36m_astro/astro_scripts/before-hydration.js.D83-rULE.js                  [39m[1m[2m  0.16 kB[22m[1m[22m[2m Ôöé gzip:  0.16 kB[22m
[2m17:54:24[22m [34m[vite][39m [2mdist/client/[22m[36m_astro/SignedInCSR.astro_astro_type_script_index_0_lang.BxeYPnj-.js   [39m[1m[2m  0.25 kB[22m[1m[22m[2m Ôöé gzip:  0.22 kB[22m
[2m17:54:24[22m [34m[vite][39m [2mdist/client/[22m[36m_astro/SignedOutCSR.astro_astro_type_script_index_0_lang.DUMW6J2H.js  [39m[1m[2m  0.25 kB[22m[1m[22m[2m Ôöé gzip:  0.22 kB[22m
[2m17:54:24[22m [34m[vite][39m [2mdist/client/[22m[36m_astro/BaseClerkControlElement.DLD9M1q3.js                            [39m[1m[2m  0.48 kB[22m[1m[22m[2m Ôöé gzip:  0.27 kB[22m
[2m17:54:24[22m [34m[vite][39m [2mdist/client/[22m[36m_astro/ProtectCSR.astro_astro_type_script_index_0_lang.B7OIBUi1.js    [39m[1m[2m  0.83 kB[22m[1m[22m[2m Ôöé gzip:  0.42 kB[22m
[2m17:54:24[22m [34m[vite][39m [2mdist/client/[22m[36m_astro/page.D6-pYtT2.js                                               [39m[1m[2m  1.91 kB[22m[1m[22m[2m Ôöé gzip:  1.01 kB[22m
[2m17:54:24[22m [34m[vite][39m [2mdist/client/[22m[36m_astro/chunk-MZTESQVU.DFZtgiu1.js                                     [39m[1m[2m  3.41 kB[22m[1m[22m[2m Ôöé gzip:  1.52 kB[22m
[2m17:54:24[22m [34m[vite][39m [2mdist/client/[22m[36m_astro/index.DBPsBgzU.js                                              [39m[1m[2m 11.31 kB[22m[1m[22m[2m Ôöé gzip:  4.64 kB[22m
[2m17:54:24[22m [34m[vite][39m [2mdist/client/[22m[36m_astro/client.D0tpiZvq.js                                             [39m[1m[2m 11.85 kB[22m[1m[22m[2m Ôöé gzip:  4.18 kB[22m
[2m17:54:24[22m [34m[vite][39m [2mdist/client/[22m[36m_astro/client.CCqJHTmc.js                                             [39m[1m[2m194.63 kB[22m[1m[22m[2m Ôöé gzip: 60.99 kB[22m
[2m17:54:24[22m [34m[vite][39m [32mÔ£ô built in 1.75s[39m

[42m[30m prerendering static routes [39m[49m
[2m17:54:24[22m [32mÔ£ô Completed in 69ms.
[39m
[2m17:54:24[22m [34m[build][39m Rearranging server assets...
[2m17:54:26[22m [34m[@astrojs/vercel][39m Bundling function ..\..\..\..\dist\server\entry.mjs
[2m17:54:29[22m [34m[build][39m Waiting for integration [1m"@astrojs/vercel"[22m, hook [1m"astro:build:done"[22m...
npm : [31m[1m17:54:29[22m [ERROR] [@astrojs/vercel][39m An unhandled error 
occurred while running the [1m"astro:build:done"[22m hook
En línea: 1 Carácter: 1
+ npm run build > build_error.log 2>&1
+ ~~~~~~~~~~~~~~~~~~~~~~~~~~~~~~~~~~~~
    + CategoryInfo          : NotSpecified: ([31m[1m17:54:...done"[22m hook 
   :String) [], RemoteException
    + FullyQualifiedErrorId : NativeCommandError
 
EPERM: operation not permitted, symlink 
'.pnpm\react@19.2.0\node_modules\react' -> 'C:\Users\PC\madridfemeninoxtra\.ver
cel\output\functions\_render.func\node_modules\react'
  [1mStack trace:[22m
[2m    at async Module.symlink (node:internal/fs/promises:1000:10)
    at async copyDependenciesToFunction (file:///C:/Users/PC/madridfemeninoxtra
/node_modules/.pnpm/@astrojs+vercel@9.0.1_astro@5.16.0_@types+node@24.10.1_@ver
cel+functions@2.2.13_jiti@2.6.1_li_iguqsgnhb4fkqhmeg2yxt2s2gq/node_modules/@ast
rojs/vercel/dist/lib/nft.js:42:26)
    at async astro:build:done (file:///C:/Users/PC/madridfemeninoxtra/node_modu
les/.pnpm/@astrojs+vercel@9.0.1_astro@5.16.0_@types+node@24.10.1_@vercel+functi
ons@2.2.13_jiti@2.6.1_li_iguqsgnhb4fkqhmeg2yxt2s2gq/node_modules/@astrojs/verce
l/dist/index.js:330:15)
    at async runHookInternal (file:///C:/Users/PC/madridfemeninoxtra/node_modul
es/.pnpm/astro@5.16.0_@types+node@24.10.1_@vercel+functions@2.2.13_jiti@2.6.1_l
ightningcss@1.30.2_roll_aki4ztxowwf5xmdhjk73ikld5e/node_modules/astro/dist/inte
grations/hooks.js:51:5)
    at async AstroBuilder.build (file:///C:/Users/PC/madridfemeninoxtra/node_mo
dules/.pnpm/astro@5.16.0_@types+node@24.10.1_@vercel+functions@2.2.13_jiti@2.6.
1_lightningcss@1.30.2_roll_aki4ztxowwf5xmdhjk73ikld5e/node_modules/astro/dist/c
ore/build/index.js:167:5)[22m
