
> madridfemeninoxtra@0.0.1 build C:\Users\PC\madridfemeninoxtra
> astro build

[2m20:41:45[22m [34m[content][39m Syncing content
[2m20:41:45[22m [34m[content][39m Synced content
[2m20:41:45[22m [34m[types][39m Generated [2m1.10s[22m
[2m20:41:45[22m [34m[build][39m output: [34m"server"[39m
[2m20:41:45[22m [34m[build][39m mode: [34m"server"[39m
[2m20:41:45[22m [34m[build][39m directory: [34mC:\Users\PC\madridfemeninoxtra\dist\[39m
[2m20:41:45[22m [34m[build][39m adapter: [32m@astrojs/vercel[39m
[2m20:41:45[22m [34m[build][39m Collecting build info...
[2m20:41:45[22m [34m[build][39m [32mÔ£ô Completed in 1.80s.[39m
[2m20:41:45[22m [34m[build][39m Building server entrypoints...
pnpm : [31m[1m20:41:58[22m [ERROR] [vite][39m [31mÔ£ù[39m 
Build failed in 12.93s
En línea: 1 Carácter: 1
+ pnpm run build > build_output.txt 2>&1
+ ~~~~~~~~~~~~~~~~~~~~~~~~~~~~~~~~~~~~~~
    + CategoryInfo          : NotSpecified: ([31m[1m20:41:...ailed 
    in 12.93s:String) [], RemoteException
    + FullyQualifiedErrorId : NativeCommandError
 
[33m[1m20:41:59[22m [WARN] [vite][39m 
./files/archivo-black-latin-ext-400-normal.woff2 referenced in ./files/archivo-black-latin-ext-400-normal.woff2 didn't resolve at build time, it will remain unchanged to be resolved at runtime
[33m[1m20:41:59[22m [WARN] [vite][39m 
./files/archivo-black-latin-400-normal.woff2 referenced in ./files/archivo-black-latin-400-normal.woff2 didn't resolve at build time, it will remain unchanged to be resolved at runtime
[33m[1m20:41:59[22m [WARN] [vite][39m 
./files/poppins-devanagari-400-normal.woff2 referenced in ./files/poppins-devanagari-400-normal.woff2 didn't resolve at build time, it will remain unchanged to be resolved at runtime
[33m[1m20:41:59[22m [WARN] [vite][39m 
./files/poppins-latin-ext-400-normal.woff2 referenced in ./files/poppins-latin-ext-400-normal.woff2 didn't resolve at build time, it will remain unchanged to be resolved at runtime
[33m[1m20:41:59[22m [WARN] [vite][39m 
./files/poppins-latin-400-normal.woff2 referenced in ./files/poppins-latin-400-normal.woff2 didn't resolve at build time, it will remain unchanged to be resolved at runtime
[33m[1m20:41:59[22m [WARN] [vite][39m 
./files/permanent-marker-latin-400-normal.woff2 referenced in ./files/permanent-marker-latin-400-normal.woff2 didn't resolve at build time, it will remain unchanged to be resolved at runtime
[33m[1m20:41:59[22m [WARN] [vite][39m 
./files/archivo-black-latin-ext-400-normal.woff referenced in ./files/archivo-black-latin-ext-400-normal.woff didn't resolve at build time, it will remain unchanged to be resolved at runtime
[33m[1m20:41:59[22m [WARN] [vite][39m 
./files/archivo-black-latin-400-normal.woff referenced in ./files/archivo-black-latin-400-normal.woff didn't resolve at build time, it will remain unchanged to be resolved at runtime
[33m[1m20:41:59[22m [WARN] [vite][39m 
./files/poppins-devanagari-400-normal.woff referenced in ./files/poppins-devanagari-400-normal.woff didn't resolve at build time, it will remain unchanged to be resolved at runtime
[33m[1m20:41:59[22m [WARN] [vite][39m 
./files/poppins-latin-ext-400-normal.woff referenced in ./files/poppins-latin-ext-400-normal.woff didn't resolve at build time, it will remain unchanged to be resolved at runtime
[33m[1m20:41:59[22m [WARN] [vite][39m 
./files/poppins-latin-400-normal.woff referenced in ./files/poppins-latin-400-normal.woff didn't resolve at build time, it will remain unchanged to be resolved at runtime
[33m[1m20:41:59[22m [WARN] [vite][39m 
./files/permanent-marker-latin-400-normal.woff referenced in ./files/permanent-marker-latin-400-normal.woff didn't resolve at build time, it will remain unchanged to be resolved at runtime
Multiple exports with the same name "prerender"
  [1mLocation:[22m
    [4mC:/Users/PC/madridfemeninoxtra/src/pages/estadios/[slug].astr
o:213:13[24m
  [1mStack trace:[22m
[2m    at failureErrorWithLog (C:\Users\PC\madridfemeninoxtra\node_m
odules\.pnpm\esbuild@0.25.12\node_modules\esbuild\lib\main.js:1467:15
)
    at responseCallbacks.<computed> (C:\Users\PC\madridfemeninoxtra\n
ode_modules\.pnpm\esbuild@0.25.12\node_modules\esbuild\lib\main.js:60
3:9)
    at Socket.readFromStdout (C:\Users\PC\madridfemeninoxtra\node_mod
ules\.pnpm\esbuild@0.25.12\node_modules\esbuild\lib\main.js:581:7)
    at addChunk (node:internal/streams/readable:559:12)
    at Readable.push (node:internal/streams/readable:390:5)[22m
ÔÇëELIFECYCLEÔÇë Command failed with exit code 1.
